Collecting torch>=2.6
  Using cached torch-2.14.0-cp312-cp312-macosx_14_0_arm64.whl.metadata (38 kB)
Collecting transformers<5,>=4.44
  Downloading transformers-4.57.6-py3-none-any.whl.metadata (43 kB)
Collecting datasets>=3.0
  Downloading datasets-5.0.1-py3-none-any.whl.metadata (23 kB)
Collecting accelerate>=1.0
  Downloading accelerate-1.15.0-py3-none-any.whl.metadata (19 kB)
Collecting evaluate
  Downloading evaluate-0.4.6-py3-none-any.whl.metadata (9.5 kB)
Collecting seqeval
  Downloading seqeval-1.2.2.tar.gz (43 kB)
  Installing build dependencies: started
  Installing build dependencies: finished with status 'done'
  Getting requirements to build wheel: started
  Getting requirements to build wheel: finished with status 'done'
  Installing backend dependencies: started
  Installing backend dependencies: finished with status 'done'
  Preparing metadata (pyproject.toml): started
  Preparing metadata (pyproject.toml): finished with status 'done'
Collecting scikit-learn
  Downloading scikit_learn-1.9.1-cp312-cp312-macosx_12_0_arm64.whl.metadata (9.3 kB)
Collecting matplotlib
  Downloading matplotlib-3.11.2-cp312-cp312-macosx_11_0_arm64.whl.metadata (80 kB)
Collecting pandas
  Downloading pandas-3.0.6-cp312-cp312-macosx_11_0_arm64.whl.metadata (79 kB)
Collecting huggingface_hub
  Downloading huggingface_hub-1.32.0-py3-none-any.whl.metadata (16 kB)
Collecting numpy<2.3
  Downloading numpy-2.2.6-cp312-cp312-macosx_14_0_arm64.whl.metadata (62 kB)
Collecting tqdm
  Using cached tqdm-4.70.1-py3-none-any.whl.metadata (57 kB)
Collecting filelock (from transformers<5,>=4.44)
  Downloading filelock-4.0.1-py3-none-any.whl.metadata (2.0 kB)
Collecting huggingface_hub
  Using cached huggingface_hub-0.36.2-py3-none-any.whl.metadata (15 kB)
Requirement already satisfied: packaging>=20.0 in ./.venv/lib/python3.12/site-packages (from transformers<5,>=4.44) (26.3)
Collecting pyyaml>=5.1 (from transformers<5,>=4.44)
  Using cached pyyaml-6.0.3-cp312-cp312-macosx_11_0_arm64.whl.metadata (2.4 kB)
Collecting regex!=2019.12.17 (from transformers<5,>=4.44)
  Using cached regex-2026.9.10-cp312-cp312-macosx_11_0_arm64.whl.metadata (40 kB)
Collecting requests (from transformers<5,>=4.44)
  Using cached requests-2.34.2-py3-none-any.whl.metadata (4.8 kB)
Collecting tokenizers<=0.23.0,>=0.22.0 (from transformers<5,>=4.44)
  Downloading tokenizers-0.22.2-cp39-abi3-macosx_11_0_arm64.whl.metadata (7.3 kB)
Collecting safetensors>=0.4.3 (from transformers<5,>=4.44)
  Using cached safetensors-0.8.0-cp310-abi3-macosx_11_0_arm64.whl.metadata (4.2 kB)
Collecting fsspec>=2023.5.0 (from huggingface_hub)
  Downloading fsspec-2026.9.0-py3-none-any.whl.metadata (10 kB)
Collecting hf-xet<2.0.0,>=1.1.3 (from huggingface_hub)
  Using cached hf_xet-1.6.0-cp38-abi3-macosx_11_0_arm64.whl.metadata (4.9 kB)
Collecting typing-extensions>=3.7.4.3 (from huggingface_hub)
  Using cached typing_extensions-4.16.0-py3-none-any.whl.metadata (3.3 kB)
Collecting setuptools>=77.0.3 (from torch>=2.6)
  Using cached setuptools-84.0.0-py3-none-any.whl.metadata (6.6 kB)
Collecting sympy>=1.13.3 (from torch>=2.6)
  Using cached sympy-1.14.0-py3-none-any.whl.metadata (12 kB)
Collecting networkx>=2.5.1 (from torch>=2.6)
  Using cached networkx-3.6.1-py3-none-any.whl.metadata (6.8 kB)
Collecting jinja2 (from torch>=2.6)
  Using cached jinja2-3.1.6-py3-none-any.whl.metadata (2.9 kB)
Collecting pyarrow>=21.0.0 (from datasets>=3.0)
  Downloading pyarrow-25.0.1-cp312-cp312-macosx_12_0_arm64.whl.metadata (3.0 kB)
Collecting dill<0.4.2,>=0.3.0 (from datasets>=3.0)
  Downloading dill-0.4.1-py3-none-any.whl.metadata (10 kB)
Collecting httpx<1.0.0 (from datasets>=3.0)
  Using cached httpx-0.28.1-py3-none-any.whl.metadata (7.1 kB)
Collecting xxhash (from datasets>=3.0)
  Downloading xxhash-4.0.1-cp312-cp312-macosx_11_0_arm64.whl.metadata (17 kB)
Collecting multiprocess<0.70.20 (from datasets>=3.0)
  Downloading multiprocess-0.70.19-py312-none-any.whl.metadata (7.5 kB)
Collecting fsspec>=2023.5.0 (from huggingface_hub)
  Using cached fsspec-2026.6.0-py3-none-any.whl.metadata (10 kB)
Collecting aiohttp!=4.0.0a0,!=4.0.0a1 (from fsspec[http]<=2026.6.0,>=2023.1.0->datasets>=3.0)
  Downloading aiohttp-3.14.3-cp312-cp312-macosx_11_0_arm64.whl.metadata (8.3 kB)
Collecting anyio (from httpx<1.0.0->datasets>=3.0)
  Using cached anyio-4.15.1-py3-none-any.whl.metadata (4.7 kB)
Collecting certifi (from httpx<1.0.0->datasets>=3.0)
  Using cached certifi-2026.7.22-py3-none-any.whl.metadata (2.5 kB)
Collecting httpcore==1.* (from httpx<1.0.0->datasets>=3.0)
  Using cached httpcore-1.0.9-py3-none-any.whl.metadata (21 kB)
Collecting idna (from httpx<1.0.0->datasets>=3.0)
  Downloading idna-3.20-py3-none-any.whl.metadata (7.2 kB)
Collecting h11>=0.16 (from httpcore==1.*->httpx<1.0.0->datasets>=3.0)
  Using cached h11-0.16.0-py3-none-any.whl.metadata (8.3 kB)
Collecting psutil (from accelerate>=1.0)
  Using cached psutil-7.2.2-cp36-abi3-macosx_11_0_arm64.whl.metadata (22 kB)
Collecting scipy>=1.10.0 (from scikit-learn)
  Downloading scipy-1.18.1-cp312-cp312-macosx_14_0_arm64.whl.metadata (62 kB)
Collecting joblib>=1.4.0 (from scikit-learn)
  Downloading joblib-1.6.0-py3-none-any.whl.metadata (6.5 kB)
Collecting narwhals>=2.0.1 (from scikit-learn)
  Downloading narwhals-2.26.0-py3-none-any.whl.metadata (15 kB)
Collecting threadpoolctl>=3.5.0 (from scikit-learn)
  Downloading threadpoolctl-3.7.0-py3-none-any.whl.metadata (24 kB)
Collecting contourpy>=1.0.1 (from matplotlib)
  Downloading contourpy-1.4.0-cp312-cp312-macosx_11_0_arm64.whl.metadata (3.8 kB)
Collecting cycler>=0.10 (from matplotlib)
  Using cached cycler-0.12.1-py3-none-any.whl.metadata (3.8 kB)
Collecting fonttools>=4.28.2 (from matplotlib)
  Downloading fonttools-4.65.0-cp312-cp312-macosx_10_13_universal2.whl.metadata (125 kB)
Collecting kiwisolver>=1.3.1 (from matplotlib)
  Using cached kiwisolver-1.5.1-cp312-cp312-macosx_11_0_arm64.whl.metadata (5.2 kB)
Collecting pillow>=9 (from matplotlib)
  Using cached pillow-12.3.0-cp312-cp312-macosx_11_0_arm64.whl.metadata (9.1 kB)
Collecting pyparsing>=3 (from matplotlib)
  Downloading pyparsing-3.3.3-py3-none-any.whl.metadata (5.9 kB)
Collecting python-dateutil>=2.7 (from matplotlib)
  Using cached python_dateutil-2.9.0.post0-py2.py3-none-any.whl.metadata (8.4 kB)
Collecting aiohappyeyeballs>=2.5.0 (from aiohttp!=4.0.0a0,!=4.0.0a1->fsspec[http]<=2026.6.0,>=2023.1.0->datasets>=3.0)
  Downloading aiohappyeyeballs-2.7.1-py3-none-any.whl.metadata (5.9 kB)
Collecting aiosignal>=1.4.0 (from aiohttp!=4.0.0a0,!=4.0.0a1->fsspec[http]<=2026.6.0,>=2023.1.0->datasets>=3.0)
  Downloading aiosignal-1.4.0-py3-none-any.whl.metadata (3.7 kB)
Collecting attrs>=17.3.0 (from aiohttp!=4.0.0a0,!=4.0.0a1->fsspec[http]<=2026.6.0,>=2023.1.0->datasets>=3.0)
  Using cached attrs-26.1.0-py3-none-any.whl.metadata (8.8 kB)
Collecting frozenlist>=1.1.1 (from aiohttp!=4.0.0a0,!=4.0.0a1->fsspec[http]<=2026.6.0,>=2023.1.0->datasets>=3.0)
  Downloading frozenlist-1.8.0-cp312-cp312-macosx_11_0_arm64.whl.metadata (20 kB)
Collecting multidict<7.0,>=4.5 (from aiohttp!=4.0.0a0,!=4.0.0a1->fsspec[http]<=2026.6.0,>=2023.1.0->datasets>=3.0)
  Downloading multidict-6.9.0-cp312-cp312-macosx_11_0_arm64.whl.metadata (5.3 kB)
Collecting propcache>=0.2.0 (from aiohttp!=4.0.0a0,!=4.0.0a1->fsspec[http]<=2026.6.0,>=2023.1.0->datasets>=3.0)
  Downloading propcache-0.5.4-cp312-cp312-macosx_11_0_arm64.whl.metadata (25 kB)
Collecting yarl<2.0,>=1.17.0 (from aiohttp!=4.0.0a0,!=4.0.0a1->fsspec[http]<=2026.6.0,>=2023.1.0->datasets>=3.0)
  Downloading yarl-1.25.1-cp312-cp312-macosx_11_0_arm64.whl.metadata (111 kB)
Collecting cloudpickle>=3.0 (from joblib>=1.4.0->scikit-learn)
  Using cached cloudpickle-3.1.2-py3-none-any.whl.metadata (7.1 kB)
Collecting six>=1.5 (from python-dateutil>=2.7->matplotlib)
  Using cached six-1.17.0-py2.py3-none-any.whl.metadata (1.7 kB)
Collecting charset_normalizer<4,>=2 (from requests->transformers<5,>=4.44)
  Using cached charset_normalizer-3.5.1-cp312-cp312-macosx_10_13_universal2.whl.metadata (45 kB)
Collecting urllib3<3,>=1.26 (from requests->transformers<5,>=4.44)
  Downloading urllib3-2.8.0-py3-none-any.whl.metadata (7.4 kB)
Collecting mpmath<1.4,>=1.1.0 (from sympy>=1.13.3->torch>=2.6)
  Using cached mpmath-1.3.0-py3-none-any.whl.metadata (8.6 kB)
Collecting MarkupSafe>=2.0 (from jinja2->torch>=2.6)
  Using cached markupsafe-3.0.3-cp312-cp312-macosx_11_0_arm64.whl.metadata (2.7 kB)
Downloading transformers-4.57.6-py3-none-any.whl (12.0 MB)
   ━━━━━━━━━━━━━━━━━━━━━━━━━━━━━━━━━━━━━━━━ 12.0/12.0 MB 26.2 MB/s  0:00:00
Using cached huggingface_hub-0.36.2-py3-none-any.whl (566 kB)
Downloading numpy-2.2.6-cp312-cp312-macosx_14_0_arm64.whl (5.1 MB)
   ━━━━━━━━━━━━━━━━━━━━━━━━━━━━━━━━━━━━━━━━ 5.1/5.1 MB 22.0 MB/s  0:00:00
Using cached hf_xet-1.6.0-cp38-abi3-macosx_11_0_arm64.whl (3.9 MB)
Downloading tokenizers-0.22.2-cp39-abi3-macosx_11_0_arm64.whl (3.0 MB)
   ━━━━━━━━━━━━━━━━━━━━━━━━━━━━━━━━━━━━━━━━ 3.0/3.0 MB 22.2 MB/s  0:00:00
Using cached torch-2.14.0-cp312-cp312-macosx_14_0_arm64.whl (127.3 MB)
Downloading datasets-5.0.1-py3-none-any.whl (559 kB)
   ━━━━━━━━━━━━━━━━━━━━━━━━━━━━━━━━━━━━━━━━ 559.1/559.1 kB 16.0 MB/s  0:00:00
Downloading dill-0.4.1-py3-none-any.whl (120 kB)
Using cached fsspec-2026.6.0-py3-none-any.whl (203 kB)
Using cached httpx-0.28.1-py3-none-any.whl (73 kB)
Using cached httpcore-1.0.9-py3-none-any.whl (78 kB)
Downloading multiprocess-0.70.19-py312-none-any.whl (150 kB)
Downloading accelerate-1.15.0-py3-none-any.whl (394 kB)
Downloading evaluate-0.4.6-py3-none-any.whl (84 kB)
Downloading scikit_learn-1.9.1-cp312-cp312-macosx_12_0_arm64.whl (8.3 MB)
   ━━━━━━━━━━━━━━━━━━━━━━━━━━━━━━━━━━━━━━━━ 8.3/8.3 MB 22.5 MB/s  0:00:00
Downloading matplotlib-3.11.2-cp312-cp312-macosx_11_0_arm64.whl (9.3 MB)
   ━━━━━━━━━━━━━━━━━━━━━━━━━━━━━━━━━━━━━━━━ 9.3/9.3 MB 23.6 MB/s  0:00:00
Downloading pandas-3.0.6-cp312-cp312-macosx_11_0_arm64.whl (10.1 MB)
   ━━━━━━━━━━━━━━━━━━━━━━━━━━━━━━━━━━━━━━━━ 10.1/10.1 MB 22.4 MB/s  0:00:00
Using cached tqdm-4.70.1-py3-none-any.whl (80 kB)
Downloading aiohttp-3.14.3-cp312-cp312-macosx_11_0_arm64.whl (511 kB)
Downloading multidict-6.9.0-cp312-cp312-macosx_11_0_arm64.whl (55 kB)
Downloading yarl-1.25.1-cp312-cp312-macosx_11_0_arm64.whl (104 kB)
Downloading aiohappyeyeballs-2.7.1-py3-none-any.whl (15 kB)
Downloading aiosignal-1.4.0-py3-none-any.whl (7.5 kB)
Using cached attrs-26.1.0-py3-none-any.whl (67 kB)
Downloading contourpy-1.4.0-cp312-cp312-macosx_11_0_arm64.whl (284 kB)
Using cached cycler-0.12.1-py3-none-any.whl (8.3 kB)
Downloading fonttools-4.65.0-cp312-cp312-macosx_10_13_universal2.whl (3.1 MB)
   ━━━━━━━━━━━━━━━━━━━━━━━━━━━━━━━━━━━━━━━━ 3.1/3.1 MB 23.4 MB/s  0:00:00
Downloading frozenlist-1.8.0-cp312-cp312-macosx_11_0_arm64.whl (50 kB)
Using cached h11-0.16.0-py3-none-any.whl (37 kB)
Downloading idna-3.20-py3-none-any.whl (69 kB)
Downloading joblib-1.6.0-py3-none-any.whl (306 kB)
Using cached cloudpickle-3.1.2-py3-none-any.whl (22 kB)
Using cached kiwisolver-1.5.1-cp312-cp312-macosx_11_0_arm64.whl (64 kB)
Downloading narwhals-2.26.0-py3-none-any.whl (474 kB)
Using cached networkx-3.6.1-py3-none-any.whl (2.1 MB)
Using cached pillow-12.3.0-cp312-cp312-macosx_11_0_arm64.whl (4.8 MB)
Downloading propcache-0.5.4-cp312-cp312-macosx_11_0_arm64.whl (52 kB)
Downloading pyarrow-25.0.1-cp312-cp312-macosx_12_0_arm64.whl (35.9 MB)
   ━━━━━━━━━━━━━━━━━━━━━━━━━━━━━━━━━━━━━━━━ 35.9/35.9 MB 25.7 MB/s  0:00:01
Downloading pyparsing-3.3.3-py3-none-any.whl (126 kB)
Using cached python_dateutil-2.9.0.post0-py2.py3-none-any.whl (229 kB)
Using cached pyyaml-6.0.3-cp312-cp312-macosx_11_0_arm64.whl (173 kB)
Using cached regex-2026.9.10-cp312-cp312-macosx_11_0_arm64.whl (291 kB)
Using cached requests-2.34.2-py3-none-any.whl (73 kB)
Using cached charset_normalizer-3.5.1-cp312-cp312-macosx_10_13_universal2.whl (344 kB)
Downloading urllib3-2.8.0-py3-none-any.whl (135 kB)
Using cached certifi-2026.7.22-py3-none-any.whl (136 kB)
Using cached safetensors-0.8.0-cp310-abi3-macosx_11_0_arm64.whl (484 kB)
Downloading scipy-1.18.1-cp312-cp312-macosx_14_0_arm64.whl (20.5 MB)
   ━━━━━━━━━━━━━━━━━━━━━━━━━━━━━━━━━━━━━━━━ 20.5/20.5 MB 26.6 MB/s  0:00:00
Using cached setuptools-84.0.0-py3-none-any.whl (818 kB)
Using cached six-1.17.0-py2.py3-none-any.whl (11 kB)
Using cached sympy-1.14.0-py3-none-any.whl (6.3 MB)
Using cached mpmath-1.3.0-py3-none-any.whl (536 kB)
Downloading threadpoolctl-3.7.0-py3-none-any.whl (26 kB)
Using cached typing_extensions-4.16.0-py3-none-any.whl (45 kB)
Using cached anyio-4.15.1-py3-none-any.whl (132 kB)
Downloading filelock-4.0.1-py3-none-any.whl (106 kB)
Using cached jinja2-3.1.6-py3-none-any.whl (134 kB)
Using cached markupsafe-3.0.3-cp312-cp312-macosx_11_0_arm64.whl (12 kB)
Using cached psutil-7.2.2-cp36-abi3-macosx_11_0_arm64.whl (129 kB)
Downloading xxhash-4.0.1-cp312-cp312-macosx_11_0_arm64.whl (36 kB)
Building wheels for collected packages: seqeval
  Building wheel for seqeval (pyproject.toml): started
  Building wheel for seqeval (pyproject.toml): finished with status 'done'
  Created wheel for seqeval: filename=seqeval-1.2.2-py3-none-any.whl size=16251 sha256=57f565327646f9ba6381bb55145505d2420494b058d5faa9fa4d7ff6ea10ce5c
  Stored in directory: /Users/joseangel/Library/Caches/pip/wheels/5f/b8/73/0b2c1a76b701a677653dd79ece07cfabd7457989dbfbdcd8d7
Successfully built seqeval
Installing collected packages: mpmath, xxhash, urllib3, typing-extensions, tqdm, threadpoolctl, sympy, six, setuptools, safetensors, regex, pyyaml, pyparsing, pyarrow, psutil, propcache, pillow, numpy, networkx, narwhals, multidict, MarkupSafe, kiwisolver, idna, hf-xet, h11, fsspec, frozenlist, fonttools, filelock, dill, cycler, cloudpickle, charset_normalizer, certifi, attrs, aiohappyeyeballs, yarl, scipy, requests, python-dateutil, multiprocess, joblib, jinja2, httpcore, contourpy, anyio, aiosignal, torch, scikit-learn, pandas, matplotlib, huggingface_hub, httpx, aiohttp, tokenizers, seqeval, accelerate, transformers, datasets, evaluate

Successfully installed MarkupSafe-3.0.3 accelerate-1.15.0 aiohappyeyeballs-2.7.1 aiohttp-3.14.3 aiosignal-1.4.0 anyio-4.15.1 attrs-26.1.0 certifi-2026.7.22 charset_normalizer-3.5.1 cloudpickle-3.1.2 contourpy-1.4.0 cycler-0.12.1 datasets-5.0.1 dill-0.4.1 evaluate-0.4.6 filelock-4.0.1 fonttools-4.65.0 frozenlist-1.8.0 fsspec-2026.6.0 h11-0.16.0 hf-xet-1.6.0 httpcore-1.0.9 httpx-0.28.1 huggingface_hub-0.36.2 idna-3.20 jinja2-3.1.6 joblib-1.6.0 kiwisolver-1.5.1 matplotlib-3.11.2 mpmath-1.3.0 multidict-6.9.0 multiprocess-0.70.19 narwhals-2.26.0 networkx-3.6.1 numpy-2.2.6 pandas-3.0.6 pillow-12.3.0 propcache-0.5.4 psutil-7.2.2 pyarrow-25.0.1 pyparsing-3.3.3 python-dateutil-2.9.0.post0 pyyaml-6.0.3 regex-2026.9.10 requests-2.34.2 safetensors-0.8.0 scikit-learn-1.9.1 scipy-1.18.1 seqeval-1.2.2 setuptools-84.0.0 six-1.17.0 sympy-1.14.0 threadpoolctl-3.7.0 tokenizers-0.22.2 torch-2.14.0 tqdm-4.70.1 transformers-4.57.6 typing-extensions-4.16.0 urllib3-2.8.0 xxhash-4.0.1 yarl-1.25.1
